// Jest Snapshot v1, https://goo.gl/fbAQLP

exports[`function summa renders correctly 1`] = `
<div>
  <h1>
    Hello World
  </h1>
</div>
`;
